2026-09-25 09:58:13,761 | INFO     | ======================================================================
   OLIST DELIVERY RELIABILITY PIPELINE — FDE DATA FOUNDATIONS
======================================================================
   Stage 1: INGEST     -> Raw CSV files + Brazil holidays API
   Stage 2: VALIDATE   -> Profile tables, apply validation rules
   Stage 3: TRANSFORM  -> Reconstruct events, calculate outcomes
   Stage 4: METRICS    -> 5 delivery reliability KPIs
======================================================================
2026-09-25 09:58:13,761 | INFO     | 
2026-09-25 09:58:13,761 | INFO     | ======================================================================
2026-09-25 09:58:13,762 | INFO     | STAGE: INGEST
2026-09-25 09:58:13,762 | INFO     | ======================================================================
2026-09-25 09:58:16,822 | INFO     | [OK] Stage INGEST completed in 3.06s
2026-09-25 09:58:16,823 | INFO     | 
2026-09-25 09:58:16,823 | INFO     | ======================================================================
2026-09-25 09:58:16,823 | INFO     | STAGE: VALIDATE
2026-09-25 09:58:16,823 | INFO     | ======================================================================
2026-09-25 09:58:28,908 | INFO     | [OK] Stage VALIDATE completed in 12.09s
2026-09-25 09:58:28,908 | INFO     | 
2026-09-25 09:58:28,908 | INFO     | ======================================================================
2026-09-25 09:58:28,908 | INFO     | STAGE: TRANSFORM
2026-09-25 09:58:28,908 | INFO     | ======================================================================
2026-09-25 09:59:01,136 | INFO     | [OK] Stage TRANSFORM completed in 32.23s
2026-09-25 09:59:01,136 | INFO     | 
2026-09-25 09:59:01,136 | INFO     | ======================================================================
2026-09-25 09:59:01,136 | INFO     | STAGE: METRICS
2026-09-25 09:59:01,136 | INFO     | ======================================================================
2026-09-25 09:59:01,760 | INFO     | [OK] Stage METRICS completed in 0.62s
2026-09-25 09:59:01,761 | INFO     | 
2026-09-25 09:59:01,761 | INFO     | ======================================================================
2026-09-25 09:59:01,761 | INFO     | PIPELINE COMPLETE
2026-09-25 09:59:01,761 | INFO     | ======================================================================
2026-09-25 09:59:01,761 | INFO     | Total duration: 48.00s
2026-09-25 09:59:01,761 | INFO     | 
2026-09-25 09:59:01,761 | INFO     | Stage breakdown:
2026-09-25 09:59:01,761 | INFO     |   - INGEST: 3.06s
2026-09-25 09:59:01,761 | INFO     |   - VALIDATE: 12.09s
2026-09-25 09:59:01,761 | INFO     |   - TRANSFORM: 32.23s
2026-09-25 09:59:01,761 | INFO     |   - METRICS: 0.62s
2026-09-25 09:59:01,761 | INFO     | 
2026-09-25 09:59:01,761 | INFO     | Output files:
2026-09-25 09:59:01,761 | INFO     |   [EVIDENCE] data/modeled/output/metrics_evidence_table.csv
2026-09-25 09:59:01,761 | INFO     |   [SUMMARY]  data/modeled/output/metrics_summary.md
2026-09-25 09:59:01,761 | INFO     |   [LOGS]     logs/pipeline_*.log
2026-09-25 09:59:01,761 | INFO     | 
2026-09-25 09:59:01,761 | INFO     | ======================================================================
